# 单表问题

## 1. SQL、DB、DBMS分别是什么，他们的关系是什么关系？

* DB：DataBase（数据库，数据库实际上再硬盘上以文件的形式存在）

* DBMS：DataBase Management System （数据库管理系统，常见的有：MySQL、Oracle、DB2...）

* SQL：

1. 结构化查询语言，是一门标准通用的语言。标准的sql适合于所有的数据库产品
2. SQL数据高级语言，只要能看懂英文单词的，写出来的sql语句，可以读懂什么意思
3. SQL语句执行的时候，实际上内部也先进行了编译，然后再执行sql。（sql语句的编辑又DNMS完成）

* DBMS：负责执行sql语句，通过执行语句来操作DB当中的数据

> DBMS -(执行)--> SQL -(操作)--> DB

## 2. 表

* 表：table是数据库的基本组成单元，所有的数据都以表的形式组织，目的是可读性强

* 一个表包含行和列：

1. 行：被称为数据/记录（data）
2. 列：被称为字段（column）

每一个字段应该包含的属性？字段名、数据类型、相关的约束条件

## 3. 学习MySQL主要是学习通用的SQL语句，那么SQL语句包括增删改查，SQL语句怎么分类呢？

* DQL （数据查询语句）：查询语句，凡是select语句都是DQL
* DML （数据操作语句）：insert、delete、update，对表当中的数据进行增删改
* DDL （数据定义语言）：create、drop、alter、对表结构的增删改
* TCL （事务控制语言）：commit提交事务、rollback回滚事务。（TCL中的T是transaction）
* DCL （数据控制语言）：grant授权，revoke撤销劝降等

## 4. 导入数据（联系的过程中使用的都是导入的数据）

1. 登陆MySQL数据库系统

2. 查看有哪些数据库：show databases;（这个不是SQL语句，数据MySQL的命令）

3. 创建数据自己的数据库：create database salvatoredata;

4. 使用salvatoredata数据库：use salvatoredata;

5. 查看当前使用的数据库中有哪些表：show tables;

6. 初始化数据：source 文件路径

## 5. spl脚本

文件以sql结尾，这样的文件被称为“sql脚本”，什么是sql脚本呢？

但一个文件的扩展名是.sql，并且该文件编写了大量的sql语句，我们称这样的文件为sql脚本

## 6. 删除数据库：drop database salvatoredata

## 7. 查看表结构：desc 表名

```
mysql> desc emp;
+----------+-------------+------+-----+---------+-------+
| Field    | Type        | Null | Key | Default | Extra |
+----------+-------------+------+-----+---------+-------+
| EMPNO    | int(4)      | NO   | PRI | NULL    |       |
| ENAME    | varchar(10) | YES  |     | NULL    |       |
| JOB      | varchar(9)  | YES  |     | NULL    |       |
| MGR      | int(4)      | YES  |     | NULL    |       |
| HIREDATE | date        | YES  |     | NULL    |       |
| SAL      | double(7,2) | YES  |     | NULL    |       |
| COMM     | double(7,2) | YES  |     | NULL    |       |
| DEPTNO   | int(2)      | YES  |     | NULL    |       |
+----------+-------------+------+-----+---------+-------+

mysql> desc dept;
+--------+-------------+------+-----+---------+-------+
| Field  | Type        | Null | Key | Default | Extra |
+--------+-------------+------+-----+---------+-------+
| DEPTNO | int(2)      | NO   | PRI | NULL    |       |
| DNAME  | varchar(14) | YES  |     | NULL    |       |
| LOC    | varchar(13) | YES  |     | NULL    |       |
+--------+-------------+------+-----+---------+-------+

mysql> desc salgrade;
+-------+---------+------+-----+---------+-------+
| Field | Type    | Null | Key | Default | Extra |
+-------+---------+------+-----+---------+-------+
| GRADE | int(11) | YES  |     | NULL    |       |
| LOSAL | int(11) | YES  |     | NULL    |       |
| HISAL | int(11) | YES  |     | NULL    |       |
+-------+---------+------+-----+---------+-------+
```

## 8. 表格中的数据：select * from 表名;（这个是SQL语句）

```
mysql> select * from emp;
+-------+--------+-----------+------+------------+---------+---------+--------+
| EMPNO | ENAME  | JOB       | MGR  | HIREDATE   | SAL     | COMM    | DEPTNO |
+-------+--------+-----------+------+------------+---------+---------+--------+
|  7369 | SMITH  | CLERK     | 7902 | 1980-12-17 |  800.00 |    NULL |     20 |
|  7499 | ALLEN  | SALESMAN  | 7698 | 1981-02-20 | 1600.00 |  300.00 |     30 |
|  7521 | WARD   | SALESMAN  | 7698 | 1981-02-22 | 1250.00 |  500.00 |     30 |
|  7566 | JONES  | MANAGER   | 7839 | 1981-04-02 | 2975.00 |    NULL |     20 |
|  7654 | MARTIN | SALESMAN  | 7698 | 1981-09-28 | 1250.00 | 1400.00 |     30 |
|  7698 | BLAKE  | MANAGER   | 7839 | 1981-05-01 | 2850.00 |    NULL |     30 |
|  7782 | CLARK  | MANAGER   | 7839 | 1981-06-09 | 2450.00 |    NULL |     10 |
|  7788 | SCOTT  | ANALYST   | 7566 | 1987-04-19 | 3000.00 |    NULL |     20 |
|  7839 | KING   | PRESIDENT | NULL | 1981-11-17 | 5000.00 |    NULL |     10 |
|  7844 | TURNER | SALESMAN  | 7698 | 1981-09-08 | 1500.00 |    0.00 |     30 |
|  7876 | ADAMS  | CLERK     | 7788 | 1987-05-23 | 1100.00 |    NULL |     20 |
|  7900 | JAMES  | CLERK     | 7698 | 1981-12-03 |  950.00 |    NULL |     30 |
|  7902 | FORD   | ANALYST   | 7566 | 1981-12-03 | 3000.00 |    NULL |     20 |
|  7934 | MILLER | CLERK     | 7782 | 1982-01-23 | 1300.00 |    NULL |     10 |
+-------+--------+-----------+------+------------+---------+---------+--------+
```

## 9. 常见命令

* create database name; 创建数据库
* use name; 使用哪个数据库
* select database(); 查看使用的哪个数据库
* select version(); 查看数据库版本
* \c 结束一条语句
* exit 退出mysql
* show tables from name; 查看name数据库的表

## 10. 查看创建表的语句

* show create table name; 查看name表的创建语句

## 11. 简单的查询语句（DQL）

* 语法格式： select 字段名1,字段名2,字段名3... from 表名;(任何一条sql语句以分号结尾)

注意：

1. 任何一条sql语句以分号结尾
2. sql语句不区分大小写
3. 字段可以经行数学计算，计算的别名使用as：select sal * 12 as 'allSal' from emp; as可以使用空格代替
4. 实际开发中不建议使用 select * from tablename;效率比较低

12. 条件查询：

select 字段 from 表名 where 条件；执行顺序是：先from，然后where，最后select；

查询工资等于5000的员工姓名：select ename from emp where sal = 5000;

```
mysql> select ename from emp where sal = 5000;
+-------+
| ename |
+-------+
| KING  |
+-------+
```

查询smith的工资：select sal from emp where ename='smith';

```
mysql> select sal from emp where ename='smith';
+--------+
| sal    |
+--------+
| 800.00 |
+--------+
```

查询工资超过3000的人：

```
select ename,sal from emp where sal >= 1000;
+--------+---------+
| ename  | sal     |
+--------+---------+
| ALLEN  | 1600.00 |
| WARD   | 1250.00 |
| JONES  | 2975.00 |
| MARTIN | 1250.00 |
| BLAKE  | 2850.00 |
| CLARK  | 2450.00 |
| SCOTT  | 3000.00 |
| KING   | 5000.00 |
| TURNER | 1500.00 |
| ADAMS  | 1100.00 |
| FORD   | 3000.00 |
| MILLER | 1300.00 |
+--------+---------+
```

找到1100到3000之间的人；
```
mysql> select ename,sal from emp where sal >=1100 and sal <=3000;
+--------+---------+
| ename  | sal     |
+--------+---------+
| ALLEN  | 1600.00 |
| WARD   | 1250.00 |
| JONES  | 2975.00 |
| MARTIN | 1250.00 |
| BLAKE  | 2850.00 |
| CLARK  | 2450.00 |
| SCOTT  | 3000.00 |
| TURNER | 1500.00 |
| ADAMS  | 1100.00 |
| FORD   | 3000.00 |
| MILLER | 1300.00 |
+--------+---------+
```

```
mysql> select ename,sal from emp where sal between 1100 and 3000;
+--------+---------+
| ename  | sal     |
+--------+---------+
| ALLEN  | 1600.00 |
| WARD   | 1250.00 |
| JONES  | 2975.00 |
| MARTIN | 1250.00 |
| BLAKE  | 2850.00 |
| CLARK  | 2450.00 |
| SCOTT  | 3000.00 |
| TURNER | 1500.00 |
| ADAMS  | 1100.00 |
| FORD   | 3000.00 |
| MILLER | 1300.00 |
+--------+---------+
```

* between ... and ...：用与数字之间是闭区间，用于字符之间是左闭区右开

找出那些人没有津贴？ 在数据库中NULL不是一个值，代表什么也没有，为空
空不是一个，不能用等号衡量
必须使用is null 或者 is not null

```
mysql> select ename,sal,comm from emp where comm is null;
+--------+---------+------+
| ename  | sal     | comm |
+--------+---------+------+
| SMITH  |  800.00 | NULL |
| JONES  | 2975.00 | NULL |
| BLAKE  | 2850.00 | NULL |
| CLARK  | 2450.00 | NULL |
| SCOTT  | 3000.00 | NULL |
| KING   | 5000.00 | NULL |
| ADAMS  | 1100.00 | NULL |
| JAMES  |  950.00 | NULL |
| FORD   | 3000.00 | NULL |
| MILLER | 1300.00 | NULL |
+--------+---------+------+
```

```
mysql> select ename,sal,comm from emp where comm is null or comm = 0;
+--------+---------+------+
| ename  | sal     | comm |
+--------+---------+------+
| SMITH  |  800.00 | NULL |
| JONES  | 2975.00 | NULL |
| BLAKE  | 2850.00 | NULL |
| CLARK  | 2450.00 | NULL |
| SCOTT  | 3000.00 | NULL |
| KING   | 5000.00 | NULL |
| TURNER | 1500.00 | 0.00 |
| ADAMS  | 1100.00 | NULL |
| JAMES  |  950.00 | NULL |
| FORD   | 3000.00 | NULL |
| MILLER | 1300.00 | NULL |
+--------+---------+------+
```

找工资超过1000,部门为20或者30的人

```
mysql> select ename,sal,deptno from emp where  sal >= 1000 and (deptno = 20 or deptno = 30);
+--------+---------+--------+
| ename  | sal     | deptno |
+--------+---------+--------+
| ALLEN  | 1600.00 |     30 |
| WARD   | 1250.00 |     30 |
| JONES  | 2975.00 |     20 |
| MARTIN | 1250.00 |     30 |
| BLAKE  | 2850.00 |     30 |
| SCOTT  | 3000.00 |     20 |
| TURNER | 1500.00 |     30 |
| ADAMS  | 1100.00 |     20 |
| FORD   | 3000.00 |     20 |
+--------+---------+--------+
```

不确定的时候就加()

找到工作岗位为salesman和manager的员工

```
mysql> select ename,job,sal from emp where job = 'salesman' or job = 'manager';
+--------+----------+---------+
| ename  | job      | sal     |
+--------+----------+---------+
| ALLEN  | SALESMAN | 1600.00 |
| WARD   | SALESMAN | 1250.00 |
| JONES  | MANAGER  | 2975.00 |
| MARTIN | SALESMAN | 1250.00 |
| BLAKE  | MANAGER  | 2850.00 |
| CLARK  | MANAGER  | 2450.00 |
| TURNER | SALESMAN | 1500.00 |
+--------+----------+---------+
```

```
mysql> select ename,job,sal from emp where job in ('salesman','manager');
+--------+----------+---------+
| ename  | job      | sal     |
+--------+----------+---------+
| ALLEN  | SALESMAN | 1600.00 |
| WARD   | SALESMAN | 1250.00 |
| JONES  | MANAGER  | 2975.00 |
| MARTIN | SALESMAN | 1250.00 |
| BLAKE  | MANAGER  | 2850.00 |
| CLARK  | MANAGER  | 2450.00 |
| TURNER | SALESMAN | 1500.00 |
+--------+----------+---------+
```

* in 和 or 可以互换， 还有not in，注意括号不是区间啊

* 模糊查询like

在模糊查询必须必须掌握两个特殊的符号，一个是%，一个是_（有点正则的意思）

%--->任意多个字符
_--->任意一个字符

找出名字中带O的？

```
mysql> select * from emp where ename like '%o%';
+-------+-------+---------+------+------------+---------+------+--------+
| EMPNO | ENAME | JOB     | MGR  | HIREDATE   | SAL     | COMM | DEPTNO |
+-------+-------+---------+------+------------+---------+------+--------+
|  7566 | JONES | MANAGER | 7839 | 1981-04-02 | 2975.00 | NULL |     20 |
|  7788 | SCOTT | ANALYST | 7566 | 1987-04-19 | 3000.00 | NULL |     20 |
|  7902 | FORD  | ANALYST | 7566 | 1981-12-03 | 3000.00 | NULL |     20 |
+-------+-------+---------+------+------------+---------+------+--------+
```

找出第一个字母为J的人

```
mysql> select * from emp where ename like 'j%';
+-------+-------+---------+------+------------+---------+------+--------+
| EMPNO | ENAME | JOB     | MGR  | HIREDATE   | SAL     | COMM | DEPTNO |
+-------+-------+---------+------+------------+---------+------+--------+
|  7566 | JONES | MANAGER | 7839 | 1981-04-02 | 2975.00 | NULL |     20 |
|  7900 | JAMES | CLERK   | 7698 | 1981-12-03 |  950.00 | NULL |     30 |
+-------+-------+---------+------+------------+---------+------+--------+
```

找出名字中有下划线的？像正则一样转义

select * from emp where ename like '%\_%';

## 13. 排序（升序、降序）

按照工资升序，找到员工姓名？

```
mysql> select ename,sal from emp order by sal;
+--------+---------+
| ename  | sal     |
+--------+---------+
| SMITH  |  800.00 |
| JAMES  |  950.00 |
| ADAMS  | 1100.00 |
| WARD   | 1250.00 |
| MARTIN | 1250.00 |
| MILLER | 1300.00 |
| TURNER | 1500.00 |
| ALLEN  | 1600.00 |
| CLARK  | 2450.00 |
| BLAKE  | 2850.00 |
| JONES  | 2975.00 |
| FORD   | 3000.00 |
| SCOTT  | 3000.00 |
| KING   | 5000.00 |
```

注意：order by 默认是升序

1. asc---> 升序
2. desc--->降序

```
mysql> select ename,sal from emp order by sal desc;
+--------+---------+
| ename  | sal     |
+--------+---------+
| KING   | 5000.00 |
| SCOTT  | 3000.00 |
| FORD   | 3000.00 |
| JONES  | 2975.00 |
| BLAKE  | 2850.00 |
| CLARK  | 2450.00 |
| ALLEN  | 1600.00 |
| TURNER | 1500.00 |
| MILLER | 1300.00 |
| MARTIN | 1250.00 |
| WARD   | 1250.00 |
| ADAMS  | 1100.00 |
| JAMES  |  950.00 |
| SMITH  |  800.00 |
+--------+---------+
```

按照工资降序排列，工资一样的按照名字的升序排列

```
mysql> select ename,sal from emp order by sal desc,ename;
+--------+---------+
| ename  | sal     |
+--------+---------+
| KING   | 5000.00 |
| FORD   | 3000.00 |
| SCOTT  | 3000.00 |
| JONES  | 2975.00 |
| BLAKE  | 2850.00 |
| CLARK  | 2450.00 |
| ALLEN  | 1600.00 |
| TURNER | 1500.00 |
| MILLER | 1300.00 |
| MARTIN | 1250.00 |
| WARD   | 1250.00 |
| ADAMS  | 1100.00 |
| JAMES  |  950.00 |
| SMITH  |  800.00 |
+--------+---------+
```

* 越靠前的字段作用大，后面的可能都用不上，后面的字段只会在前面的字段相等的时候才会用的到

排序可能根据前面的字段的顺序排列

```
mysql> select ename,sal from emp order by 1;
+--------+---------+
| ename  | sal     |
+--------+---------+
| ADAMS  | 1100.00 |
| ALLEN  | 1600.00 |
| BLAKE  | 2850.00 |
| CLARK  | 2450.00 |
| FORD   | 3000.00 |
| JAMES  |  950.00 |
| JONES  | 2975.00 |
| KING   | 5000.00 |
| MARTIN | 1250.00 |
| MILLER | 1300.00 |
| SCOTT  | 3000.00 |
| SMITH  |  800.00 |
| TURNER | 1500.00 |
| WARD   | 1250.00 |
+--------+---------+
```

```
mysql> select ename,sal from emp order by 2;
+--------+---------+
| ename  | sal     |
+--------+---------+
| SMITH  |  800.00 |
| JAMES  |  950.00 |
| ADAMS  | 1100.00 |
| WARD   | 1250.00 |
| MARTIN | 1250.00 |
| MILLER | 1300.00 |
| TURNER | 1500.00 |
| ALLEN  | 1600.00 |
| CLARK  | 2450.00 |
| BLAKE  | 2850.00 |
| JONES  | 2975.00 |
| FORD   | 3000.00 |
| SCOTT  | 3000.00 |
| KING   | 5000.00 |
+--------+---------+
```

找出工作岗位是salesman的员工，并且要求工资的降序排列

```
mysql> select ename,sal,job from emp where job in ('salesman') order by sal desc;
+--------+---------+----------+
| ename  | sal     | job      |
+--------+---------+----------+
| ALLEN  | 1600.00 | SALESMAN |
| TURNER | 1500.00 | SALESMAN |
| WARD   | 1250.00 | SALESMAN |
| MARTIN | 1250.00 | SALESMAN |
+--------+---------+----------+
```

```
select
  names     3
from
  tablename 1
where
  condition 2
order by
...         4
```

order by是最后执行的，肯定是把所有的数据查出来之后排序的，这一点还是比较好理解的

## 14. 分组函数

1. count 计数
2. sum 求和
3. avg 平均值
4. max 最大值
5. min 最小值

找出工资总和？
```
mysql> select sum(sal) from emp;
+----------+
| sum(sal) |
+----------+
| 29025.00 |
```

分组函数一共5个，都是对某一组数据进行操作，分组函数还有另一个名字，多行处理函数
多行处理函数的特点：输入多行，最终输出一行

分组函数自动忽略NULL

找出工资高于平均工资的人？

```
mysql> select ename,sal from emp where sal > avg(sal);
ERROR 1111 (HY000): Invalid use of group function
```

原因：分组函数不可直接出现在where中，为什么呢？
因为group by是在where之后执行的

```
select    5
  ...
from      1
  ...
where     2
  ...
group by  3
  ...
having    4
  ...
order by  6
  ...
```

```
mysql> select ename,sal from emp where sal > (select avg(sal) from emp);
+-------+---------+
| ename | sal     |
+-------+---------+
| JONES | 2975.00 |
| BLAKE | 2850.00 |
| CLARK | 2450.00 |
| SCOTT | 3000.00 |
| KING  | 5000.00 |
| FORD  | 3000.00 |
+-------+---------+
```

两步合成一步

count (*) 和 count（字段）之间的区别？

count(*)：不是统计某个字段中的数据的个数，而是统计总记录的条数（和字段没有关系）
count（字段）：记录某个字段不为NULL的总数量

分组函数也能够组合起来用：

```
mysql> select sum(sal),max(sal),min(sal),avg(sal),count(sal) from emp;
+----------+----------+----------+-------------+------------+
| sum(sal) | max(sal) | min(sal) | avg(sal)    | count(sal) |
+----------+----------+----------+-------------+------------+
| 29025.00 |  5000.00 |   800.00 | 2073.214286 |         14 |
+----------+----------+----------+-------------+------------+
```

## 15. 补充：什么是单行处理函数？

输入一行，输出一行？

计算每个员工的年薪？：select ename, (sal+comm)*12 yearsal from emp;

在数据库中数学表达式中只要有NULL，最后的结果都是NULL

> 数据库中，只要有NULL参与的运算结果一定是NULL

ifnull() 空处理函数？
if (可能为null的数据,被当作什么来处理)

```
mysql> select ename,(sal+ifnull(comm,0))*12 yearsal from emp;
+--------+----------+
| ename  | yearsal  |
+--------+----------+
| SMITH  |  9600.00 |
| ALLEN  | 22800.00 |
| WARD   | 21000.00 |
| JONES  | 35700.00 |
| MARTIN | 31800.00 |
| BLAKE  | 34200.00 |
| CLARK  | 29400.00 |
| SCOTT  | 36000.00 |
| KING   | 60000.00 |
| TURNER | 18000.00 |
| ADAMS  | 13200.00 |
| JAMES  | 11400.00 |
| FORD   | 36000.00 |
| MILLER | 15600.00 |
+--------+----------+

mysql> select sum(comm) from emp;
+-----------+
| sum(comm) |
+-----------+
|   2200.00 |
+-----------+
```

说明sum是忽略了null在计算的

## 16. group by 和having

1. group by ：按某个字段或者某些字段进行分组
2. having ：having是对分组之后的数据进行过滤

指出每个工作岗位的最高薪资

注意： 分组函数一般都会和group by 联合使用，这也是为什么它被成为分组函数的原因。
并且任何一个分组函数（count、sum、avg、max、min）都是在group by语句执行结束之后才会执行的
当一条sql语句没有group by的话，整张表的数据会自成一组

```
mysql> select max(sal),job from emp group by job;
+----------+-----------+
| max(sal) | job       |
+----------+-----------+
|  3000.00 | ANALYST   |
|  1300.00 | CLERK     |
|  2975.00 | MANAGER   |
|  5000.00 | PRESIDENT |
|  1600.00 | SALESMAN  |
+----------+-----------+
```

```
mysql> select max(sal),job,ename from emp group by job;
+----------+-----------+-------+
| max(sal) | job       | ename |
+----------+-----------+-------+
|  3000.00 | ANALYST   | SCOTT |
|  1300.00 | CLERK     | SMITH |
|  2975.00 | MANAGER   | JONES |
|  5000.00 | PRESIDENT | KING  |
|  1600.00 | SALESMAN  | ALLEN |
+----------+-----------+-------+
```

第二个查询的数据毫无意义，在Oracle数据库中会报错，因为Oracle的语法规则比MySQL语法规则严谨

记住一个规则：当一条语句中有group by的话，select后面只能跟分组函数和参与分组的字段，就像第一个查询

找出每个部门不同工作岗位的最高薪资

```
mysql> select deptno,job,max(sal) from emp group by deptno,job;
+--------+-----------+----------+
| deptno | job       | max(sal) |
+--------+-----------+----------+
|     10 | CLERK     |  1300.00 |
|     10 | MANAGER   |  2450.00 |
|     10 | PRESIDENT |  5000.00 |
|     20 | ANALYST   |  3000.00 |
|     20 | CLERK     |  1100.00 |
|     20 | MANAGER   |  2975.00 |
|     30 | CLERK     |   950.00 |
|     30 | MANAGER   |  2850.00 |
|     30 | SALESMAN  |  1600.00 |
+--------+-----------+----------+
```

找出每个部门的最高薪资，要求显示薪资大于2900的数据

找出每个部门的最高薪资：
```
mysql> select max(sal),deptno from emp group by deptno;
+----------+--------+
| max(sal) | deptno |
+----------+--------+
|  5000.00 |     10 |
|  3000.00 |     20 |
|  2850.00 |     30 |
+----------+--------+
```

要求显示薪资大于2900的数据：

```
mysql> select max(sal),deptno from emp group by deptno having max(sal) > 2900;
+----------+--------+
| max(sal) | deptno |
+----------+--------+
|  5000.00 |     10 |
|  3000.00 |     20 |
+----------+--------+
```

上面的效率较低，以下的效率较高

```
mysql> select max(sal),deptno from emp where sal > 2900 group by deptno;
+----------+--------+
| max(sal) | deptno |
+----------+--------+
|  5000.00 |     10 |
|  3000.00 |     20 |
+----------+--------+
```

能够使用where就不要使用having，但是有些时候where搞不定的，就要使用having了

## 17. 总结一个完整的DQL语句怎么写？

```
select    5
  ...
from      1
  ...
where     2
  ...
group by  3
  ...
having    4
  ...
order by  6
  ...
```