# 约束（constraint）

什么是约束，常见的约束有哪些？

唯一性约束、非空性约束--->保证和法性、完整性、有效性等

在创建表的时候，可以给表的字段添加相应的约束，添加约束的目的是为了保证表中的数据的合法性、有效性、完整性等

* 常见的约束有哪些？

1. 非空约束（not null）：字段不能为null
2. 唯一约束（unique）：字段不能重复
3. 主键约束（primary key）：不为null，不能重复（简称：pk）
4. 外键约束（foreign key）：...（简称：fk）
 5.检查约束（check）：注意Oracle数据有有check约束，但是mysql没有，目前MySQL不支持该约束

## not null

drop table if exists t_myuser;

```
create table t_myuser (
  id int,
  username varchar(255) not null,
  psd varchar(255)
)
```
```
mysql> desc t_myuser;
+----------+--------------+------+-----+---------+-------+
| Field    | Type         | Null | Key | Default | Extra |
+----------+--------------+------+-----+---------+-------+
| id       | int(11)      | YES  |     | NULL    |       |
| username | varchar(255) | NO   |     | NULL    |       |
| psd      | varchar(255) | YES  |     | NULL    |       |
+----------+--------------+------+-----+---------+-------+
3 rows in set (0.01 sec)
```
```
mysql> insert into t_myuser (id,psd) values (1,'lsx');
ERROR 1364 (HY000): Field 'username' doesn't have a default value
```
```
insert into t_myuser (id,username,psd) values (1,'salvatore','lsx');
```
```
mysql> insert into t_myuser (id,username,psd) values (1,'salvatore','lsx');
Query OK, 1 row affected (0.02 sec)

mysql> select * from t_myuser;
+------+-----------+------+
| id   | username  | psd  |
+------+-----------+------+
|    1 | salvatore | lsx  |
+------+-----------+------+
1 row in set (0.00 sec)
```

## 唯一性约束：unique

  唯一性约束修饰的字段具有唯一性，不能重复，但是可以为null
```
mysql> drop table t_myuser;
Query OK, 0 rows affected (0.03 sec)

mysql> create table t_myuser(
    -> id int,
    -> username varchar(255) unique // 列级约束
    -> );
Query OK, 0 rows affected (0.04 sec)

mysql> insert into t_myuser(id,username) values(1,'salvatore');
Query OK, 1 row affected (0.02 sec)

mysql> select * from t_myuser;
+------+-----------+
| id   | username  |
+------+-----------+
|    1 | salvatore |
+------+-----------+
1 row in set (0.00 sec)
```
```
mysql> insert into t_myuser(id,username) values(2,'salvatore');
ERROR 1062 (23000): Duplicate entry 'salvatore' for key 'username'
```
多个字段联合起来不能重复（表级约束）
```
create table t_myuser(
  id int,
  username varchar(255),
  userrename varchar(255),
  unique(username,userrename) // 表级约束
);
```

所以说：方便统一，最好直接使用表级约束，但是列级也有优势，直观

注意：not null 只有列级约束，没有表级约束

## 主键约束

* 如何给一张表添加主键约束
```
drop table if exists t_myuser;
create table t_myuser(
  id int primary key,
  username varchar(255),
  email varchar(255)
)
```
```
insert into t_myuser values(1, 'salvatore','11@yun.com');
insert into t_myuser values(2, 'nick','22@yun.com');
insert into t_myuser values(3, 'vera','33@yun.com');
insert into t_myuser values(4, 'long','44@yun.com');
```
```
mysql> select * from t_myuser;
+----+-----------+------------+
| id | username  | email      |
+----+-----------+------------+
|  1 | salvatore | 11@yun.com |
|  2 | nick      | 22@yun.com |
|  3 | vera      | 33@yun.com |
|  4 | long      | 44@yun.com |
+----+-----------+------------+
```
```
mysql> insert into t_myuser values(1, 'rose','44@yun.com');
ERROR 1062 (23000): Duplicate entry '1' for key 'PRIMARY'

mysql> insert into t_myuser(username,email) values ('rose','55@yun.com');
ERROR 1364 (HY000): Field 'id' doesn't have a default value
```

添加组件约束之后，不能重复也不能为空

```
create table t_myuser(
  id int,
  username varchar(255),
  email varchar(255),
  primary key(id) // 表级约束
)
```
* 主键相关的术语：主键约束（primary）、主键字段（id）、主键值（1、2、3、4）

* 主键有什么作用？

  1. 表的设计三范式中有要求，第一范式就要求任何一张表都有主键
  2. 主键的作用：主键值是这行记录在这张表当中的唯一标识。（就像一个人的身份证号一样）

* 主键分类？

  1. 根据主键的字段的字段数量来划分：

    单一主键（推荐使用，常用的）

    复合主键（多个字段联合起来添加一个主键约束）（不建议使用，因为复合主键违背三范式）

  2. 根据主键性质来划分：

    自然主键：主键值最好是一个和业务没什么关系的值（推荐使用）

    业务主键：主键值和系统的业务挂钩，例如：银行卡号、身份证号（不推荐使用，最好不要拿着和业务挂钩的字段作为主键。因为以后的业务一旦发生改变，主键值可能也需要发生改变）

* ****** 一张表的主键约束只能有一个 ******

* mysql提供主键自增（auto_increment）
```
drop table if exists t_myuser;
create table t_myuser(
  id int primary key auto_increment,
  username varchar(255),
  email varchar(255)
)
```
```
insert into t_myuser(username,email) values('salvatore','11@yun.com');
insert into t_myuser(username,email) values('nick','22@yun.com');
insert into t_myuser(username,email) values('vera','33@yun.com');
insert into t_myuser(username,email) values('long','44@yun.com');
```

Oracle也提供了一种自增机制，叫做序列（sequence）对象

## 外键约束

* 外键约束的相关术语：  
1. 外键约束（foreign key）
2. 外键字段：添加有外键约束的字段
3. 外键值：外间字段对应的每一个值

```
mysql> select * from t_class;
+-----+------------------+
| cno | cname            |
+-----+------------------+
| 101 | xxxxxxxxxxxxxxxx |
| 102 | yyyyyyyyyyyyyyyy |
+-----+------------------+
```
```
mysql> select * from t_student;
+------+-------+---------+
| sno  | sname | classno |
+------+-------+---------+
|    1 | zs1   |     101 |
|    2 | zs2   |     101 |
|    3 | zs3   |     102 |
|    4 | zs4   |     102 |
|    5 | zs5   |     102 |
|    6 | zs6   |     102 |
+------+-------+---------+
6 rows in set (0.00 sec)
```

* 将以上表的建表语句写出来：

t_student中的classno字段引用t_class表中的cno字段，此时t_student表叫做子表。t_class表叫做父表

- 添加数据的时候先添加父表，再添加子表
- 删除数据的时候先删除子表，再删除父表
- 创建表的时候先创建父表，再创建子表
- 删除表的时候先删除子表，再删除父表

```
drop table if exists t_student;

drop table if exists t_class;

create table t_class(
  cno int,
  cname varchar(255),
  primary key(cno)
);

create table t_student(
  sno int,
  sname varchar(255),
  classno int,
  primary key(sno),
  foreign key(classno) references t_class(cno)
);

insert into t_class values (101,'xxxxxxxxxx'),(102,'yyyyyyyyyy');
insert into t_student values 
(1,'salvatore1',101),
(2,'salvatore2',102),
(3,'salvatore3',102),
(4,'salvatore4',101),
(5,'salvatore5',102),
(6,'salvatore6',101);
```
```
mysql> inser into t_student values (1,'liaoxuan',103);
ERROR 1064 (42000): You have an error in your SQL syntax; check the manual that corresponds to your MySQL server version for the right syntax to use near 'inser into t_student values (1,'liaoxuan',103)' at line 1
```

表的外键值只能是所依赖的外键字段所对因的字段的值的集合中的一个

* 外键是是否可以为null？可以为null

* 外键字段引用的字段必须是主键吗？不是，但是引用的字段必须是具有唯一性（unique约束）的